// Jest Snapshot v1, https://goo.gl/fbAQLP

exports[`renders correctly intake component 1`] = `
<div
  className="intake"
>
  <div
    className="top-header"
  />
  <div>
    I'm wrapped
  </div>
</div>
`;
